Sender: LSF System <lsfadmin@nodem141>
Subject: Job 80957050: <tracker_real> in cluster <hpcf_research_cluster> Done

Job <tracker_real> was submitted from host <nodem141> by user <lding> in cluster <hpcf_research_cluster> at Mon Jun 17 17:24:15 2019.
Job was executed on host(s) <nodem141>, in queue <priority>, as user <lding> in cluster <hpcf_research_cluster> at Mon Jun 17 17:24:16 2019.
</home/lding> was used as the home directory.
</home/lding/Git/SJARACNe> was used as the working directory.
Started at Mon Jun 17 17:24:16 2019.
Terminated at Mon Jun 17 18:41:49 2019.
Results reported at Mon Jun 17 18:41:49 2019.

Your job looked like:

------------------------------------------------------------
# LSBATCH: User input
_phoenix_sub_LSF -P CompBioDefault  -J real -q priority -n 1 -M 2513 -o /home/lding/Git/SJARACNe/out.%J.%I.txt -e /home/lding/Git/SJARACNe/err.%J.%I.txt -i /home/lding/Git/SJARACNe/tests/test_sjaracne_lsf_real_data.sh -update 37
------------------------------------------------------------

Successfully completed.

Resource usage summary:

    CPU time :                                   8.09 sec.
    Max Memory :                                 22 MB
    Average Memory :                             17.02 MB
    Total Requested Memory :                     1000.00 MB
    Delta Memory :                               978.00 MB
    Max Swap :                                   386 MB
    Max Processes :                              5
    Max Threads :                                6
    Run time :                                   4653 sec.
    Turnaround time :                            4654 sec.

The output (if any) follows:

[INFO] Splitting jobids 80957051
[INFO] array_jids:  ['80957051']
[INFO] Reading bjobs
[INFO] Reading jobs from bjobs
[INFO] Number of jobs found:  1
[INFO] Sleeping for 37 seconds between each update
[UPDATE][80957051] 2019-06-17 17:24:18 nPEND nRUN nDONE nREQUEUE nFAIL =     1     0     0     0     0
[UPDATE][80957051] 2019-06-17 17:24:55 nPEND nRUN nDONE nREQUEUE nFAIL =     0     1     0     0     0
[UPDATE][80957051] 2019-06-17 17:25:32 nPEND nRUN nDONE nREQUEUE nFAIL =     0     1     0     0     0
[UPDATE][80957051] 2019-06-17 17:26:09 nPEND nRUN nDONE nREQUEUE nFAIL =     0     1     0     0     0
[UPDATE][80957051] 2019-06-17 17:26:46 nPEND nRUN nDONE nREQUEUE nFAIL =     0     1     0     0     0
[UPDATE][80957051] 2019-06-17 17:27:23 nPEND nRUN nDONE nREQUEUE nFAIL =     0     1     0     0     0
[UPDATE][80957051] 2019-06-17 17:28:00 nPEND nRUN nDONE nREQUEUE nFAIL =     0     1     0     0     0
[UPDATE][80957051] 2019-06-17 17:28:37 nPEND nRUN nDONE nREQUEUE nFAIL =     0     1     0     0     0
[UPDATE][80957051] 2019-06-17 17:29:14 nPEND nRUN nDONE nREQUEUE nFAIL =     0     1     0     0     0
[UPDATE][80957051] 2019-06-17 17:29:52 nPEND nRUN nDONE nREQUEUE nFAIL =     0     1     0     0     0
[UPDATE][80957051] 2019-06-17 17:30:29 nPEND nRUN nDONE nREQUEUE nFAIL =     0     1     0     0     0
[UPDATE][80957051] 2019-06-17 17:31:06 nPEND nRUN nDONE nREQUEUE nFAIL =     0     1     0     0     0
[UPDATE][80957051] 2019-06-17 17:31:43 nPEND nRUN nDONE nREQUEUE nFAIL =     0     1     0     0     0
[UPDATE][80957051] 2019-06-17 17:32:20 nPEND nRUN nDONE nREQUEUE nFAIL =     0     1     0     0     0
[UPDATE][80957051] 2019-06-17 17:32:57 nPEND nRUN nDONE nREQUEUE nFAIL =     0     1     0     0     0
[UPDATE][80957051] 2019-06-17 17:33:34 nPEND nRUN nDONE nREQUEUE nFAIL =     0     1     0     0     0
[UPDATE][80957051] 2019-06-17 17:34:12 nPEND nRUN nDONE nREQUEUE nFAIL =     0     1     0     0     0
[UPDATE][80957051] 2019-06-17 17:34:49 nPEND nRUN nDONE nREQUEUE nFAIL =     0     1     0     0     0
[UPDATE][80957051] 2019-06-17 17:35:26 nPEND nRUN nDONE nREQUEUE nFAIL =     0     1     0     0     0
[UPDATE][80957051] 2019-06-17 17:36:03 nPEND nRUN nDONE nREQUEUE nFAIL =     0     1     0     0     0
[UPDATE][80957051] 2019-06-17 17:36:40 nPEND nRUN nDONE nREQUEUE nFAIL =     0     1     0     0     0
[UPDATE][80957051] 2019-06-17 17:37:17 nPEND nRUN nDONE nREQUEUE nFAIL =     0     1     0     0     0
[UPDATE][80957051] 2019-06-17 17:37:54 nPEND nRUN nDONE nREQUEUE nFAIL =     0     1     0     0     0
[UPDATE][80957051] 2019-06-17 17:38:32 nPEND nRUN nDONE nREQUEUE nFAIL =     0     1     0     0     0
[UPDATE][80957051] 2019-06-17 17:39:09 nPEND nRUN nDONE nREQUEUE nFAIL =     0     1     0     0     0
[UPDATE][80957051] 2019-06-17 17:39:46 nPEND nRUN nDONE nREQUEUE nFAIL =     0     1     0     0     0
[UPDATE][80957051] 2019-06-17 17:40:23 nPEND nRUN nDONE nREQUEUE nFAIL =     0     1     0     0     0
[UPDATE][80957051] 2019-06-17 17:41:00 nPEND nRUN nDONE nREQUEUE nFAIL =     0     1     0     0     0
[UPDATE][80957051] 2019-06-17 17:41:37 nPEND nRUN nDONE nREQUEUE nFAIL =     0     1     0     0     0
[UPDATE][80957051] 2019-06-17 17:42:15 nPEND nRUN nDONE nREQUEUE nFAIL =     0     1     0     0     0
[UPDATE][80957051] 2019-06-17 17:42:52 nPEND nRUN nDONE nREQUEUE nFAIL =     0     1     0     0     0
[UPDATE][80957051] 2019-06-17 17:43:29 nPEND nRUN nDONE nREQUEUE nFAIL =     0     1     0     0     0
[UPDATE][80957051] 2019-06-17 17:44:06 nPEND nRUN nDONE nREQUEUE nFAIL =     0     1     0     0     0
[UPDATE][80957051] 2019-06-17 17:44:43 nPEND nRUN nDONE nREQUEUE nFAIL =     0     1     0     0     0
[UPDATE][80957051] 2019-06-17 17:45:20 nPEND nRUN nDONE nREQUEUE nFAIL =     0     1     0     0     0
[UPDATE][80957051] 2019-06-17 17:45:58 nPEND nRUN nDONE nREQUEUE nFAIL =     0     1     0     0     0
[UPDATE][80957051] 2019-06-17 17:46:35 nPEND nRUN nDONE nREQUEUE nFAIL =     0     1     0     0     0
[UPDATE][80957051] 2019-06-17 17:47:12 nPEND nRUN nDONE nREQUEUE nFAIL =     0     1     0     0     0
[UPDATE][80957051] 2019-06-17 17:47:49 nPEND nRUN nDONE nREQUEUE nFAIL =     0     1     0     0     0
[UPDATE][80957051] 2019-06-17 17:48:26 nPEND nRUN nDONE nREQUEUE nFAIL =     0     1     0     0     0
[UPDATE][80957051] 2019-06-17 17:49:03 nPEND nRUN nDONE nREQUEUE nFAIL =     0     1     0     0     0
[UPDATE][80957051] 2019-06-17 17:49:40 nPEND nRUN nDONE nREQUEUE nFAIL =     0     1     0     0     0
[UPDATE][80957051] 2019-06-17 17:50:18 nPEND nRUN nDONE nREQUEUE nFAIL =     0     1     0     0     0
[UPDATE][80957051] 2019-06-17 17:50:55 nPEND nRUN nDONE nREQUEUE nFAIL =     0     1     0     0     0
[UPDATE][80957051] 2019-06-17 17:51:32 nPEND nRUN nDONE nREQUEUE nFAIL =     0     1     0     0     0
[UPDATE][80957051] 2019-06-17 17:52:09 nPEND nRUN nDONE nREQUEUE nFAIL =     0     1     0     0     0
[UPDATE][80957051] 2019-06-17 17:52:46 nPEND nRUN nDONE nREQUEUE nFAIL =     0     1     0     0     0
[UPDATE][80957051] 2019-06-17 17:53:23 nPEND nRUN nDONE nREQUEUE nFAIL =     0     1     0     0     0
[UPDATE][80957051] 2019-06-17 17:54:01 nPEND nRUN nDONE nREQUEUE nFAIL =     0     1     0     0     0
[UPDATE][80957051] 2019-06-17 17:54:38 nPEND nRUN nDONE nREQUEUE nFAIL =     0     1     0     0     0
[UPDATE][80957051] 2019-06-17 17:55:15 nPEND nRUN nDONE nREQUEUE nFAIL =     0     1     0     0     0
[UPDATE][80957051] 2019-06-17 17:55:52 nPEND nRUN nDONE nREQUEUE nFAIL =     0     1     0     0     0
[UPDATE][80957051] 2019-06-17 17:56:29 nPEND nRUN nDONE nREQUEUE nFAIL =     0     1     0     0     0
[UPDATE][80957051] 2019-06-17 17:57:06 nPEND nRUN nDONE nREQUEUE nFAIL =     0     1     0     0     0
[UPDATE][80957051] 2019-06-17 17:57:43 nPEND nRUN nDONE nREQUEUE nFAIL =     0     1     0     0     0
[UPDATE][80957051] 2019-06-17 17:58:21 nPEND nRUN nDONE nREQUEUE nFAIL =     0     1     0     0     0
[UPDATE][80957051] 2019-06-17 17:58:58 nPEND nRUN nDONE nREQUEUE nFAIL =     0     1     0     0     0
[UPDATE][80957051] 2019-06-17 17:59:35 nPEND nRUN nDONE nREQUEUE nFAIL =     0     1     0     0     0
[UPDATE][80957051] 2019-06-17 18:00:12 nPEND nRUN nDONE nREQUEUE nFAIL =     0     1     0     0     0
[UPDATE][80957051] 2019-06-17 18:00:49 nPEND nRUN nDONE nREQUEUE nFAIL =     0     1     0     0     0
[UPDATE][80957051] 2019-06-17 18:01:26 nPEND nRUN nDONE nREQUEUE nFAIL =     0     1     0     0     0
[UPDATE][80957051] 2019-06-17 18:02:03 nPEND nRUN nDONE nREQUEUE nFAIL =     0     1     0     0     0
[UPDATE][80957051] 2019-06-17 18:02:41 nPEND nRUN nDONE nREQUEUE nFAIL =     0     1     0     0     0
[UPDATE][80957051] 2019-06-17 18:03:18 nPEND nRUN nDONE nREQUEUE nFAIL =     0     1     0     0     0
[UPDATE][80957051] 2019-06-17 18:03:55 nPEND nRUN nDONE nREQUEUE nFAIL =     0     1     0     0     0
[UPDATE][80957051] 2019-06-17 18:04:32 nPEND nRUN nDONE nREQUEUE nFAIL =     0     1     0     0     0
[UPDATE][80957051] 2019-06-17 18:05:09 nPEND nRUN nDONE nREQUEUE nFAIL =     0     1     0     0     0
[UPDATE][80957051] 2019-06-17 18:05:46 nPEND nRUN nDONE nREQUEUE nFAIL =     0     1     0     0     0
[UPDATE][80957051] 2019-06-17 18:06:23 nPEND nRUN nDONE nREQUEUE nFAIL =     0     1     0     0     0
[UPDATE][80957051] 2019-06-17 18:07:01 nPEND nRUN nDONE nREQUEUE nFAIL =     0     1     0     0     0
[UPDATE][80957051] 2019-06-17 18:07:38 nPEND nRUN nDONE nREQUEUE nFAIL =     0     1     0     0     0
[UPDATE][80957051] 2019-06-17 18:08:15 nPEND nRUN nDONE nREQUEUE nFAIL =     0     1     0     0     0
[UPDATE][80957051] 2019-06-17 18:08:52 nPEND nRUN nDONE nREQUEUE nFAIL =     0     1     0     0     0
[UPDATE][80957051] 2019-06-17 18:09:29 nPEND nRUN nDONE nREQUEUE nFAIL =     0     1     0     0     0
[UPDATE][80957051] 2019-06-17 18:10:09 nPEND nRUN nDONE nREQUEUE nFAIL =     0     1     0     0     0
[UPDATE][80957051] 2019-06-17 18:10:46 nPEND nRUN nDONE nREQUEUE nFAIL =     0     1     0     0     0
[UPDATE][80957051] 2019-06-17 18:11:23 nPEND nRUN nDONE nREQUEUE nFAIL =     0     1     0     0     0
[UPDATE][80957051] 2019-06-17 18:12:00 nPEND nRUN nDONE nREQUEUE nFAIL =     0     1     0     0     0
[UPDATE][80957051] 2019-06-17 18:12:37 nPEND nRUN nDONE nREQUEUE nFAIL =     0     1     0     0     0
[UPDATE][80957051] 2019-06-17 18:13:15 nPEND nRUN nDONE nREQUEUE nFAIL =     0     1     0     0     0
[UPDATE][80957051] 2019-06-17 18:13:52 nPEND nRUN nDONE nREQUEUE nFAIL =     0     1     0     0     0
[UPDATE][80957051] 2019-06-17 18:14:29 nPEND nRUN nDONE nREQUEUE nFAIL =     0     1     0     0     0
[UPDATE][80957051] 2019-06-17 18:15:06 nPEND nRUN nDONE nREQUEUE nFAIL =     0     1     0     0     0
[UPDATE][80957051] 2019-06-17 18:15:43 nPEND nRUN nDONE nREQUEUE nFAIL =     0     1     0     0     0
[UPDATE][80957051] 2019-06-17 18:16:20 nPEND nRUN nDONE nREQUEUE nFAIL =     0     1     0     0     0
[UPDATE][80957051] 2019-06-17 18:16:57 nPEND nRUN nDONE nREQUEUE nFAIL =     0     1     0     0     0
[UPDATE][80957051] 2019-06-17 18:17:35 nPEND nRUN nDONE nREQUEUE nFAIL =     0     1     0     0     0
[UPDATE][80957051] 2019-06-17 18:18:12 nPEND nRUN nDONE nREQUEUE nFAIL =     0     1     0     0     0
[UPDATE][80957051] 2019-06-17 18:18:49 nPEND nRUN nDONE nREQUEUE nFAIL =     0     1     0     0     0
[UPDATE][80957051] 2019-06-17 18:19:26 nPEND nRUN nDONE nREQUEUE nFAIL =     0     1     0     0     0
[UPDATE][80957051] 2019-06-17 18:20:08 nPEND nRUN nDONE nREQUEUE nFAIL =     0     1     0     0     0
[UPDATE][80957051] 2019-06-17 18:20:45 nPEND nRUN nDONE nREQUEUE nFAIL =     0     1     0     0     0
[UPDATE][80957051] 2019-06-17 18:21:22 nPEND nRUN nDONE nREQUEUE nFAIL =     0     1     0     0     0
[UPDATE][80957051] 2019-06-17 18:21:59 nPEND nRUN nDONE nREQUEUE nFAIL =     0     1     0     0     0
[UPDATE][80957051] 2019-06-17 18:22:36 nPEND nRUN nDONE nREQUEUE nFAIL =     0     1     0     0     0
[UPDATE][80957051] 2019-06-17 18:23:13 nPEND nRUN nDONE nREQUEUE nFAIL =     0     1     0     0     0
[UPDATE][80957051] 2019-06-17 18:23:51 nPEND nRUN nDONE nREQUEUE nFAIL =     0     1     0     0     0
[UPDATE][80957051] 2019-06-17 18:24:28 nPEND nRUN nDONE nREQUEUE nFAIL =     0     1     0     0     0
[UPDATE][80957051] 2019-06-17 18:25:05 nPEND nRUN nDONE nREQUEUE nFAIL =     0     1     0     0     0
[UPDATE][80957051] 2019-06-17 18:25:42 nPEND nRUN nDONE nREQUEUE nFAIL =     0     1     0     0     0
[UPDATE][80957051] 2019-06-17 18:26:19 nPEND nRUN nDONE nREQUEUE nFAIL =     0     1     0     0     0
[UPDATE][80957051] 2019-06-17 18:26:56 nPEND nRUN nDONE nREQUEUE nFAIL =     0     1     0     0     0
[UPDATE][80957051] 2019-06-17 18:27:33 nPEND nRUN nDONE nREQUEUE nFAIL =     0     1     0     0     0
[UPDATE][80957051] 2019-06-17 18:28:10 nPEND nRUN nDONE nREQUEUE nFAIL =     0     1     0     0     0
[UPDATE][80957051] 2019-06-17 18:28:48 nPEND nRUN nDONE nREQUEUE nFAIL =     0     1     0     0     0
[UPDATE][80957051] 2019-06-17 18:29:25 nPEND nRUN nDONE nREQUEUE nFAIL =     0     1     0     0     0
[UPDATE][80957051] 2019-06-17 18:30:03 nPEND nRUN nDONE nREQUEUE nFAIL =     0     1     0     0     0
[UPDATE][80957051] 2019-06-17 18:30:41 nPEND nRUN nDONE nREQUEUE nFAIL =     0     1     0     0     0
[UPDATE][80957051] 2019-06-17 18:31:18 nPEND nRUN nDONE nREQUEUE nFAIL =     0     1     0     0     0
[UPDATE][80957051] 2019-06-17 18:31:55 nPEND nRUN nDONE nREQUEUE nFAIL =     0     1     0     0     0
[UPDATE][80957051] 2019-06-17 18:32:32 nPEND nRUN nDONE nREQUEUE nFAIL =     0     1     0     0     0
[UPDATE][80957051] 2019-06-17 18:33:09 nPEND nRUN nDONE nREQUEUE nFAIL =     0     1     0     0     0
[UPDATE][80957051] 2019-06-17 18:33:46 nPEND nRUN nDONE nREQUEUE nFAIL =     0     1     0     0     0
[UPDATE][80957051] 2019-06-17 18:34:24 nPEND nRUN nDONE nREQUEUE nFAIL =     0     1     0     0     0
[UPDATE][80957051] 2019-06-17 18:35:01 nPEND nRUN nDONE nREQUEUE nFAIL =     0     1     0     0     0
[UPDATE][80957051] 2019-06-17 18:35:38 nPEND nRUN nDONE nREQUEUE nFAIL =     0     1     0     0     0
[UPDATE][80957051] 2019-06-17 18:36:15 nPEND nRUN nDONE nREQUEUE nFAIL =     0     1     0     0     0
[UPDATE][80957051] 2019-06-17 18:36:52 nPEND nRUN nDONE nREQUEUE nFAIL =     0     1     0     0     0
[UPDATE][80957051] 2019-06-17 18:37:29 nPEND nRUN nDONE nREQUEUE nFAIL =     0     1     0     0     0
[UPDATE][80957051] 2019-06-17 18:38:06 nPEND nRUN nDONE nREQUEUE nFAIL =     0     1     0     0     0
[UPDATE][80957051] 2019-06-17 18:38:44 nPEND nRUN nDONE nREQUEUE nFAIL =     0     1     0     0     0
[UPDATE][80957051] 2019-06-17 18:39:21 nPEND nRUN nDONE nREQUEUE nFAIL =     0     1     0     0     0
[UPDATE][80957051] 2019-06-17 18:39:58 nPEND nRUN nDONE nREQUEUE nFAIL =     0     1     0     0     0
[UPDATE][80957051] 2019-06-17 18:40:35 nPEND nRUN nDONE nREQUEUE nFAIL =     0     1     0     0     0
[UPDATE][80957051] 2019-06-17 18:41:12 nPEND nRUN nDONE nREQUEUE nFAIL =     0     0     1     0     0


PS:

Read file <tracker_real.2019.06.17.err> for stderr output of this job.

